2026-07-24 10:03:00,158 | INFO | ==============================================================================
2026-07-24 10:03:00,159 | INFO | C7 LAB - MÓDULO 10/12 - OTIMIZADOR - versão 10.1.0
2026-07-24 10:03:00,161 | INFO | Raiz: C:\Nas100_dashboard\C7_LAB
2026-07-24 10:03:00,161 | INFO | ==============================================================================
2026-07-24 10:03:01,696 | INFO | Sementes Módulo 09: 5
2026-07-24 10:03:01,697 | INFO | Entradas Módulo 03: 307
2026-07-24 10:03:01,698 | INFO | Candles M1: 2690
2026-07-24 10:03:01,721 | INFO | Corte treino/validação: 2026-07-21 11:10:35.540000
2026-07-24 10:03:01,722 | INFO | Treino: 214 | Validação: 93
2026-07-24 10:03:01,842 | INFO | Variantes para testar: 2500
2026-07-24 10:03:05,126 | INFO | Progresso: 1/2500 | S191_C0_TP3000_SL2500_T120_P1_G60 | score 33.8365
2026-07-24 10:05:56,461 | INFO | Progresso: 50/2500 | S191_C0_TP4000_SL2500_T180_P1_G65 | score 33.3917
2026-07-24 10:09:08,955 | INFO | Progresso: 100/2500 | S191_C0_TP5000_SL2500_T180_P1_G75 | score 33.2688
2026-07-24 10:12:39,754 | INFO | Progresso: 150/2500 | S191_C0_TP4500_SL2500_T240_P0_G0 | score 32.9123
2026-07-24 10:16:04,311 | INFO | Progresso: 200/2500 | S191_C0_TP6000_SL3000_T120_P1_G65 | score 33.1970
2026-07-24 10:19:46,524 | INFO | Progresso: 250/2500 | S191_C0_TP6500_SL3000_T120_P1_G75 | score 33.1535
2026-07-24 10:23:33,410 | INFO | Progresso: 300/2500 | S191_C0_TP4500_SL3000_T240_P0_G0 | score 32.7751
2026-07-24 10:27:22,945 | INFO | Progresso: 350/2500 | S191_C0_TP5000_SL3000_T240_P1_G65 | score 32.7375
2026-07-24 10:31:12,968 | INFO | Progresso: 400/2500 | S191_C0_TP7000_SL2500_T240_P1_G75 | score 32.7067
2026-07-24 10:34:55,193 | INFO | Progresso: 450/2500 | S191_C0_TP5500_SL3500_T180_P0_G0 | score 32.9592
2026-07-24 10:39:02,479 | INFO | Progresso: 500/2500 | S191_C0_TP6000_SL3500_T180_P1_G65 | score 32.9277
2026-07-24 10:42:29,670 | INFO | Progresso: 550/2500 | S192_C0_TP3000_SL2500_T300_P1_G65 | score 34.0452
2026-07-24 10:46:16,100 | INFO | Progresso: 600/2500 | S192_C0_TP3000_SL2500_T360_P1_G75 | score 33.1255
2026-07-24 10:50:05,936 | INFO | Progresso: 650/2500 | S192_C0_TP3500_SL2500_T360_P0_G0 | score 33.0642
2026-07-24 10:53:51,573 | INFO | Progresso: 700/2500 | S192_C0_TP6500_SL2500_T180_P1_G65 | score 33.2414
2026-07-24 10:57:42,064 | INFO | Progresso: 750/2500 | S192_C0_TP4500_SL2500_T360_P1_G75 | score 32.9565
2026-07-24 11:01:24,119 | INFO | Progresso: 800/2500 | S192_C0_TP5000_SL3000_T120_P0_G0 | score 33.2123
2026-07-24 11:05:33,115 | INFO | Progresso: 850/2500 | S192_C0_TP7000_SL2500_T240_P1_G65 | score 32.8351
2026-07-24 11:09:26,067 | INFO | Progresso: 900/2500 | S192_C0_TP5000_SL3500_T180_P1_G75 | score 33.0878
2026-07-24 11:13:32,452 | INFO | Progresso: 950/2500 | S192_C0_TP4500_SL3000_T360_P0_G0 | score 32.8193
2026-07-24 11:17:19,426 | INFO | Progresso: 1000/2500 | S192_C0_TP5000_SL3500_T240_P1_G65 | score 32.7451
2026-07-24 11:20:16,720 | INFO | Progresso: 1050/2500 | S184_C0_TP4000_SL2500_T180_P1_G65 | score 33.3917
2026-07-24 11:23:31,588 | INFO | Progresso: 1100/2500 | S184_C0_TP5000_SL2500_T180_P1_G75 | score 33.2688
2026-07-24 11:27:04,291 | INFO | Progresso: 1150/2500 | S184_C0_TP4500_SL2500_T240_P0_G0 | score 32.9123
2026-07-24 11:30:31,047 | INFO | Progresso: 1200/2500 | S184_C0_TP6000_SL3000_T120_P1_G65 | score 33.1970
2026-07-24 11:34:15,660 | INFO | Progresso: 1250/2500 | S184_C0_TP6500_SL3000_T120_P1_G75 | score 33.1535
2026-07-24 11:38:07,187 | INFO | Progresso: 1300/2500 | S184_C0_TP4500_SL3000_T240_P0_G0 | score 32.7751
2026-07-24 11:42:01,191 | INFO | Progresso: 1350/2500 | S184_C0_TP5000_SL3000_T240_P1_G65 | score 32.7375
2026-07-24 11:45:55,448 | INFO | Progresso: 1400/2500 | S184_C0_TP7000_SL2500_T240_P1_G75 | score 32.7067
2026-07-24 11:49:41,445 | INFO | Progresso: 1450/2500 | S184_C0_TP5500_SL3500_T180_P0_G0 | score 32.9592
2026-07-24 11:53:52,130 | INFO | Progresso: 1500/2500 | S184_C0_TP6000_SL3500_T180_P1_G65 | score 32.9277
2026-07-24 11:57:22,537 | INFO | Progresso: 1550/2500 | S187_C0_TP3000_SL2500_T300_P1_G65 | score 34.0452
2026-07-24 12:01:14,624 | INFO | Progresso: 1600/2500 | S187_C0_TP3000_SL2500_T360_P1_G75 | score 33.1255
2026-07-24 12:05:08,902 | INFO | Progresso: 1650/2500 | S187_C0_TP3500_SL2500_T360_P0_G0 | score 33.0642
2026-07-24 12:08:58,570 | INFO | Progresso: 1700/2500 | S187_C0_TP6500_SL2500_T180_P1_G65 | score 33.2414
2026-07-24 12:12:54,368 | INFO | Progresso: 1750/2500 | S187_C0_TP4500_SL2500_T360_P1_G75 | score 32.9565
2026-07-24 12:16:41,937 | INFO | Progresso: 1800/2500 | S187_C0_TP5000_SL3000_T120_P0_G0 | score 33.2123
2026-07-24 12:20:56,084 | INFO | Progresso: 1850/2500 | S187_C0_TP7000_SL2500_T240_P1_G65 | score 32.8351
2026-07-24 12:24:53,455 | INFO | Progresso: 1900/2500 | S187_C0_TP5000_SL3500_T180_P1_G75 | score 33.0878
2026-07-24 12:29:05,456 | INFO | Progresso: 1950/2500 | S187_C0_TP4500_SL3000_T360_P0_G0 | score 32.8193
2026-07-24 12:32:57,201 | INFO | Progresso: 2000/2500 | S187_C0_TP5000_SL3500_T240_P1_G65 | score 32.7451
2026-07-24 12:35:57,332 | INFO | Progresso: 2050/2500 | S185_C0_TP4000_SL2500_T180_P1_G65 | score 33.3917
2026-07-24 12:39:15,497 | INFO | Progresso: 2100/2500 | S185_C0_TP5000_SL2500_T180_P1_G75 | score 33.2688
2026-07-24 12:42:49,468 | INFO | Progresso: 2150/2500 | S185_C0_TP4500_SL2500_T240_P0_G0 | score 32.9123
2026-07-24 12:46:17,556 | INFO | Progresso: 2200/2500 | S185_C0_TP6000_SL3000_T120_P1_G65 | score 33.1970
2026-07-24 12:50:02,370 | INFO | Progresso: 2250/2500 | S185_C0_TP6500_SL3000_T120_P1_G75 | score 33.1535
2026-07-24 12:53:51,441 | INFO | Progresso: 2300/2500 | S185_C0_TP4500_SL3000_T240_P0_G0 | score 32.7751
2026-07-24 12:57:43,361 | INFO | Progresso: 2350/2500 | S185_C0_TP5000_SL3000_T240_P1_G65 | score 32.7375
2026-07-24 13:01:35,383 | INFO | Progresso: 2400/2500 | S185_C0_TP7000_SL2500_T240_P1_G75 | score 32.7067
2026-07-24 13:05:18,758 | INFO | Progresso: 2450/2500 | S185_C0_TP5500_SL3500_T180_P0_G0 | score 32.9592
2026-07-24 13:09:28,239 | INFO | Progresso: 2500/2500 | S185_C0_TP6000_SL3500_T180_P1_G65 | score 32.9277
2026-07-24 13:09:28,563 | INFO | Módulo 10 concluído com sucesso.
