2026-07-23 22:34:33,879 | INFO | ==============================================================================
2026-07-23 22:34:33,879 | INFO | C7 LAB - MÓDULO 10/12 - OTIMIZADOR - versão 10.0.2
2026-07-23 22:34:33,881 | INFO | Raiz: C:\Nas100_dashboard\C7_LAB
2026-07-23 22:34:33,882 | INFO | ==============================================================================
2026-07-23 22:34:34,002 | INFO | Sementes Módulo 09: 5
2026-07-23 22:34:34,002 | INFO | Entradas Módulo 03: 307
2026-07-23 22:34:34,004 | INFO | Candles M1: 2690
2026-07-23 22:34:34,027 | INFO | Corte treino/validação: 2026-07-21 11:10:35.540000
2026-07-23 22:34:34,028 | INFO | Treino: 214 | Validação: 93
2026-07-23 22:34:34,127 | INFO | Variantes para testar: 2500
2026-07-23 22:34:35,817 | INFO | Progresso: 1/2500 | S191_C0_TP2500_SL800_T120_P0_G0 | score 74.3541
2026-07-23 22:36:01,079 | INFO | Progresso: 50/2500 | S191_C0_TP2300_SL800_T90_P0_G0 | score 74.2502
2026-07-23 22:37:27,960 | INFO | Progresso: 100/2500 | S191_C0_TP2400_SL700_T120_P1_G60 | score 78.5670
2026-07-23 22:38:54,963 | INFO | Progresso: 150/2500 | S191_C0_TP2700_SL900_T120_P1_G65 | score 69.9792
2026-07-23 22:40:22,180 | INFO | Progresso: 200/2500 | S191_C0_TP2500_SL800_T150_P1_G80 | score 74.4930
2026-07-23 22:41:48,948 | INFO | Progresso: 250/2500 | S191_C0_TP2600_SL800_T150_P1_G70 | score 74.5025
2026-07-23 22:43:16,142 | INFO | Progresso: 300/2500 | S191_C0_TP2700_SL800_T90_P1_G80 | score 71.4071
2026-07-23 22:44:43,238 | INFO | Progresso: 350/2500 | S191_C0_TP2800_SL800_T90_P1_G75 | score 72.1616
2026-07-23 22:46:10,981 | INFO | Progresso: 400/2500 | S191_C0_TP2400_SL700_T180_P0_G0 | score 74.9506
2026-07-23 22:47:38,174 | INFO | Progresso: 450/2500 | S191_C0_TP2300_SL900_T90_P1_G60 | score 72.5315
2026-07-23 22:49:05,346 | INFO | Progresso: 500/2500 | S191_C0_TP2200_SL900_T90_P1_G70 | score 70.1892
2026-07-23 22:50:35,876 | INFO | Progresso: 550/2500 | S192_C0_TP2600_SL600_T180_P0_G0 | score 77.9008
2026-07-23 22:52:06,180 | INFO | Progresso: 600/2500 | S192_C0_TP2300_SL700_T210_P0_G0 | score 78.8192
2026-07-23 22:53:36,519 | INFO | Progresso: 650/2500 | S192_C0_TP2600_SL900_T180_P1_G70 | score 72.3735
2026-07-23 22:55:06,646 | INFO | Progresso: 700/2500 | S192_C0_TP2400_SL800_T210_P1_G70 | score 74.7847
2026-07-23 22:56:36,761 | INFO | Progresso: 750/2500 | S192_C0_TP2300_SL800_T210_P1_G70 | score 76.2035
2026-07-23 22:58:06,818 | INFO | Progresso: 800/2500 | S192_C0_TP2200_SL800_T210_P1_G80 | score 74.7089
2026-07-23 22:59:37,197 | INFO | Progresso: 850/2500 | S192_C0_TP2500_SL700_T210_P1_G60 | score 81.2972
2026-07-23 23:01:08,254 | INFO | Progresso: 900/2500 | S192_C0_TP2400_SL700_T210_P1_G70 | score 77.9712
2026-07-23 23:02:38,668 | INFO | Progresso: 950/2500 | S192_C0_TP2200_SL600_T180_P1_G75 | score 82.0710
2026-07-23 23:04:08,833 | INFO | Progresso: 1000/2500 | S192_C0_TP2700_SL900_T150_P1_G75 | score 69.9245
2026-07-23 23:05:36,245 | INFO | Progresso: 1050/2500 | S184_C0_TP2400_SL700_T120_P1_G80 | score 76.8837
2026-07-23 23:07:03,667 | INFO | Progresso: 1100/2500 | S184_C0_TP2800_SL700_T120_P1_G80 | score 76.4832
2026-07-23 23:08:31,000 | INFO | Progresso: 1150/2500 | S184_C0_TP2600_SL600_T120_P1_G70 | score 82.8064
2026-07-23 23:09:57,953 | INFO | Progresso: 1200/2500 | S184_C0_TP2700_SL800_T120_P0_G0 | score 69.9697
2026-07-23 23:11:25,912 | INFO | Progresso: 1250/2500 | S184_C0_TP2800_SL1000_T120_P1_G70 | score 68.5553
2026-07-23 23:12:53,011 | INFO | Progresso: 1300/2500 | S184_C0_TP2600_SL700_T90_P1_G75 | score 76.2316
2026-07-23 23:14:20,672 | INFO | Progresso: 1350/2500 | S184_C0_TP2700_SL700_T150_P1_G75 | score 75.5204
2026-07-23 23:15:48,129 | INFO | Progresso: 1400/2500 | S184_C0_TP2800_SL900_T90_P1_G80 | score 70.0652
2026-07-23 23:17:14,968 | INFO | Progresso: 1450/2500 | S184_C0_TP2400_SL600_T150_P1_G75 | score 81.5682
2026-07-23 23:18:42,374 | INFO | Progresso: 1500/2500 | S184_C0_TP2600_SL1000_T90_P1_G70 | score 68.3473
2026-07-23 23:20:12,511 | INFO | Progresso: 1550/2500 | S187_C0_TP2400_SL700_T180_P1_G80 | score 78.2372
2026-07-23 23:21:42,666 | INFO | Progresso: 1600/2500 | S187_C0_TP2400_SL800_T150_P1_G80 | score 75.1517
2026-07-23 23:23:13,485 | INFO | Progresso: 1650/2500 | S187_C0_TP2700_SL800_T150_P1_G80 | score 73.7641
2026-07-23 23:24:43,997 | INFO | Progresso: 1700/2500 | S187_C0_TP2600_SL600_T180_P1_G70 | score 82.8064
2026-07-23 23:26:14,513 | INFO | Progresso: 1750/2500 | S187_C0_TP2700_SL1000_T180_P1_G80 | score 68.9245
2026-07-23 23:27:44,761 | INFO | Progresso: 1800/2500 | S187_C0_TP2500_SL800_T240_P1_G80 | score 75.0603
2026-07-23 23:29:14,920 | INFO | Progresso: 1850/2500 | S187_C0_TP2700_SL700_T210_P1_G70 | score 76.7262
2026-07-23 23:30:45,481 | INFO | Progresso: 1900/2500 | S187_C0_TP2200_SL900_T210_P1_G60 | score 73.9294
2026-07-23 23:32:16,071 | INFO | Progresso: 1950/2500 | S187_C0_TP2500_SL600_T150_P1_G65 | score 83.9122
2026-07-23 23:33:46,958 | INFO | Progresso: 2000/2500 | S187_C0_TP2400_SL600_T210_P1_G60 | score 83.6316
2026-07-23 23:35:14,180 | INFO | Progresso: 2050/2500 | S185_C0_TP2400_SL700_T120_P1_G80 | score 76.8837
2026-07-23 23:36:41,689 | INFO | Progresso: 2100/2500 | S185_C0_TP2800_SL700_T120_P1_G80 | score 76.4832
2026-07-23 23:38:08,963 | INFO | Progresso: 2150/2500 | S185_C0_TP2600_SL600_T120_P1_G70 | score 82.8064
2026-07-23 23:39:35,842 | INFO | Progresso: 2200/2500 | S185_C0_TP2700_SL800_T120_P0_G0 | score 69.9697
2026-07-23 23:41:03,592 | INFO | Progresso: 2250/2500 | S185_C0_TP2800_SL1000_T120_P1_G70 | score 68.5553
2026-07-23 23:42:30,551 | INFO | Progresso: 2300/2500 | S185_C0_TP2600_SL700_T90_P1_G75 | score 76.2316
2026-07-23 23:43:57,753 | INFO | Progresso: 2350/2500 | S185_C0_TP2700_SL700_T150_P1_G75 | score 75.5204
2026-07-23 23:45:25,096 | INFO | Progresso: 2400/2500 | S185_C0_TP2800_SL900_T90_P1_G80 | score 70.0652
2026-07-23 23:46:52,512 | INFO | Progresso: 2450/2500 | S185_C0_TP2400_SL600_T150_P1_G75 | score 81.5682
2026-07-23 23:48:19,634 | INFO | Progresso: 2500/2500 | S185_C0_TP2600_SL1000_T90_P1_G70 | score 68.3473
2026-07-23 23:48:19,961 | INFO | Módulo 10 concluído com sucesso.
