2026-07-23 19:36:31,207 | INFO | ==============================================================================
2026-07-23 19:36:31,208 | INFO | C7 LAB - MÓDULO 10/12 - OTIMIZADOR - versão 10.0.1
2026-07-23 19:36:31,210 | INFO | Raiz: C:\Nas100_dashboard\C7_LAB
2026-07-23 19:36:31,210 | INFO | ==============================================================================
2026-07-23 19:36:31,359 | INFO | Sementes Módulo 09: 5
2026-07-23 19:36:31,360 | INFO | Entradas Módulo 03: 307
2026-07-23 19:36:31,362 | INFO | Candles M1: 2690
2026-07-23 19:36:31,387 | INFO | Corte treino/validação: 2026-07-21 11:10:35.540000
2026-07-23 19:36:31,389 | INFO | Treino: 214 | Validação: 93
2026-07-23 19:36:31,488 | INFO | Variantes para testar: 2500
2026-07-23 19:36:34,878 | INFO | Progresso: 1/2500 | S191_C0_TP2500_SL800_T120_P0_G0 | score 38.0320
2026-07-23 19:39:22,151 | INFO | Progresso: 50/2500 | S191_C0_TP2300_SL800_T90_P0_G0 | score 36.4614
2026-07-23 19:42:13,992 | INFO | Progresso: 100/2500 | S191_C0_TP2400_SL700_T120_P1_G60 | score 36.2723
2026-07-23 19:45:06,318 | INFO | Progresso: 150/2500 | S191_C0_TP2700_SL900_T120_P1_G65 | score 36.1557
2026-07-23 19:47:58,088 | INFO | Progresso: 200/2500 | S191_C0_TP2500_SL800_T150_P1_G80 | score 35.4402
2026-07-23 19:50:48,879 | INFO | Progresso: 250/2500 | S191_C0_TP2600_SL800_T150_P1_G70 | score 35.3363
2026-07-23 19:53:39,834 | INFO | Progresso: 300/2500 | S191_C0_TP2700_SL800_T90_P1_G80 | score 35.7476
2026-07-23 19:56:31,562 | INFO | Progresso: 350/2500 | S191_C0_TP2800_SL800_T90_P1_G75 | score 35.6539
2026-07-23 19:59:30,339 | INFO | Progresso: 400/2500 | S191_C0_TP2400_SL700_T180_P0_G0 | score 35.5751
2026-07-23 20:02:28,066 | INFO | Progresso: 450/2500 | S191_C0_TP2300_SL900_T90_P1_G60 | score 35.4692
2026-07-23 20:05:24,807 | INFO | Progresso: 500/2500 | S191_C0_TP2200_SL900_T90_P1_G70 | score 35.3886
2026-07-23 20:08:58,501 | INFO | Progresso: 550/2500 | S192_C0_TP2600_SL600_T180_P0_G0 | score 36.6227
2026-07-23 20:12:29,227 | INFO | Progresso: 600/2500 | S192_C0_TP2300_SL700_T210_P0_G0 | score 35.3758
2026-07-23 20:16:00,267 | INFO | Progresso: 650/2500 | S192_C0_TP2600_SL900_T180_P1_G70 | score 36.2118
2026-07-23 20:19:30,591 | INFO | Progresso: 700/2500 | S192_C0_TP2400_SL800_T210_P1_G70 | score 35.1205
2026-07-23 20:23:01,574 | INFO | Progresso: 750/2500 | S192_C0_TP2300_SL800_T210_P1_G70 | score 35.0104
2026-07-23 20:26:33,046 | INFO | Progresso: 800/2500 | S192_C0_TP2200_SL800_T210_P1_G80 | score 34.9061
2026-07-23 20:30:02,469 | INFO | Progresso: 850/2500 | S192_C0_TP2500_SL700_T210_P1_G60 | score 34.8934
2026-07-23 20:33:34,371 | INFO | Progresso: 900/2500 | S192_C0_TP2400_SL700_T210_P1_G70 | score 34.7950
2026-07-23 20:37:06,713 | INFO | Progresso: 950/2500 | S192_C0_TP2200_SL600_T180_P1_G75 | score 35.6752
2026-07-23 20:40:37,032 | INFO | Progresso: 1000/2500 | S192_C0_TP2700_SL900_T150_P1_G75 | score 35.1401
2026-07-23 20:43:29,700 | INFO | Progresso: 1050/2500 | S184_C0_TP2400_SL700_T120_P1_G80 | score 37.1822
2026-07-23 20:46:22,994 | INFO | Progresso: 1100/2500 | S184_C0_TP2800_SL700_T120_P1_G80 | score 36.8513
2026-07-23 20:49:16,130 | INFO | Progresso: 1150/2500 | S184_C0_TP2600_SL600_T120_P1_G70 | score 36.6832
2026-07-23 20:52:06,787 | INFO | Progresso: 1200/2500 | S184_C0_TP2700_SL800_T120_P0_G0 | score 36.5433
2026-07-23 20:55:01,285 | INFO | Progresso: 1250/2500 | S184_C0_TP2800_SL1000_T120_P1_G70 | score 36.4116
2026-07-23 20:57:52,560 | INFO | Progresso: 1300/2500 | S184_C0_TP2600_SL700_T90_P1_G75 | score 36.1904
2026-07-23 21:00:46,611 | INFO | Progresso: 1350/2500 | S184_C0_TP2700_SL700_T150_P1_G75 | score 35.5639
2026-07-23 21:03:38,178 | INFO | Progresso: 1400/2500 | S184_C0_TP2800_SL900_T90_P1_G80 | score 35.9635
2026-07-23 21:06:32,939 | INFO | Progresso: 1450/2500 | S184_C0_TP2400_SL600_T150_P1_G75 | score 35.3363
2026-07-23 21:09:24,145 | INFO | Progresso: 1500/2500 | S184_C0_TP2600_SL1000_T90_P1_G70 | score 35.8463
2026-07-23 21:12:56,362 | INFO | Progresso: 1550/2500 | S187_C0_TP2400_SL700_T180_P1_G80 | score 37.1218
2026-07-23 21:16:27,438 | INFO | Progresso: 1600/2500 | S187_C0_TP2400_SL800_T150_P1_G80 | score 36.4126
2026-07-23 21:19:59,600 | INFO | Progresso: 1650/2500 | S187_C0_TP2700_SL800_T150_P1_G80 | score 36.2530
2026-07-23 21:23:33,257 | INFO | Progresso: 1700/2500 | S187_C0_TP2600_SL600_T180_P1_G70 | score 36.6227
2026-07-23 21:27:05,380 | INFO | Progresso: 1750/2500 | S187_C0_TP2700_SL1000_T180_P1_G80 | score 36.4828
2026-07-23 21:30:37,050 | INFO | Progresso: 1800/2500 | S187_C0_TP2500_SL800_T240_P1_G80 | score 36.1941
2026-07-23 21:34:08,093 | INFO | Progresso: 1850/2500 | S187_C0_TP2700_SL700_T210_P1_G70 | score 35.3758
2026-07-23 21:37:38,217 | INFO | Progresso: 1900/2500 | S187_C0_TP2200_SL900_T210_P1_G60 | score 35.2518
2026-07-23 21:41:10,492 | INFO | Progresso: 1950/2500 | S187_C0_TP2500_SL600_T150_P1_G65 | score 35.6755
2026-07-23 21:44:41,715 | INFO | Progresso: 2000/2500 | S187_C0_TP2400_SL600_T210_P1_G60 | score 35.1205
2026-07-23 21:47:34,544 | INFO | Progresso: 2050/2500 | S185_C0_TP2400_SL700_T120_P1_G80 | score 37.1822
2026-07-23 21:50:27,661 | INFO | Progresso: 2100/2500 | S185_C0_TP2800_SL700_T120_P1_G80 | score 36.8513
2026-07-23 21:53:20,131 | INFO | Progresso: 2150/2500 | S185_C0_TP2600_SL600_T120_P1_G70 | score 36.6832
2026-07-23 21:56:11,133 | INFO | Progresso: 2200/2500 | S185_C0_TP2700_SL800_T120_P0_G0 | score 36.5433
2026-07-23 21:59:05,587 | INFO | Progresso: 2250/2500 | S185_C0_TP2800_SL1000_T120_P1_G70 | score 36.4116
2026-07-23 22:01:56,877 | INFO | Progresso: 2300/2500 | S185_C0_TP2600_SL700_T90_P1_G75 | score 36.1904
2026-07-23 22:04:51,022 | INFO | Progresso: 2350/2500 | S185_C0_TP2700_SL700_T150_P1_G75 | score 35.5639
2026-07-23 22:07:42,335 | INFO | Progresso: 2400/2500 | S185_C0_TP2800_SL900_T90_P1_G80 | score 35.9635
2026-07-23 22:10:36,739 | INFO | Progresso: 2450/2500 | S185_C0_TP2400_SL600_T150_P1_G75 | score 35.3363
2026-07-23 22:13:28,375 | INFO | Progresso: 2500/2500 | S185_C0_TP2600_SL1000_T90_P1_G70 | score 35.8463
2026-07-23 22:13:28,697 | INFO | Módulo 10 concluído com sucesso.
